<html>
<body>
<pre>
<h1>µVision Build Log</h1>
<h2>Tool Versions:</h2>
IDE-Version: ¦ÌVision V5.24.2.0
Copyright (C) 2017 ARM Ltd and ARM Germany GmbH. All rights reserved.
License Information: mm Administrator, mm, LIC=FYKHL-0GC21-QBFEE-51DQ7-UKXDZ-XSBWP
 
Tool Versions:
Toolchain:       MDK-ARM Plus  Version: 5.24.1
Toolchain Path:  C:\Keil_v5\ARM\ARMCC\Bin
C Compiler:      Armcc.exe V5.06 update 5 (build 528)
Assembler:       Armasm.exe V5.06 update 5 (build 528)
Linker/Locator:  ArmLink.exe V5.06 update 5 (build 528)
Library Manager: ArmAr.exe V5.06 update 5 (build 528)
Hex Converter:   FromElf.exe V5.06 update 5 (build 528)
CPU DLL:         SARMCM3.DLL V5.24.1
Dialog DLL:      DARMSTM.DLL V1.68.0.0
Target DLL:      UL2CM3.DLL V1.160.3.0
Dialog DLL:      TARMSTM.DLL V1.66.0.0
 
<h2>Project:</h2>
D:\STM32_Project\Git_FuelReading\FuelLevel\FuelLevel.git\FuelLevelReading_STM32F103C8T6\FuelLevelReading.uvproj
Project File Date:  09/28/2017

<h2>Output:</h2>
*** Using Compiler 'V5.06 update 5 (build 528)', folder: 'C:\Keil_v5\ARM\ARMCC\Bin'
Build target 'DebugInFlash'
compiling usart.c...
compiling main.c...
user\main.c(40): warning:  #1295-D: Deprecated declaration CAN_tx_data - give arg types
  int CAN_tx_data(); 
user\main.c: 1 warning, 0 errors
linking...
Program Size: Code=10060 RO-data=744 RW-data=88 ZI-data=1632  
FromELF: creating hex file...
".\debug\DebugInFlash\CAN_RX.axf" - 0 Error(s), 1 Warning(s).
Build Time Elapsed:  00:00:01
</pre>
</body>
</html>
